Archive member included because of file (symbol)

../lights_bsp/\libhal_bsp.a(alt_load.o)
                              ../lights_bsp//obj/HAL/src/crt0.o (alt_load)
../lights_bsp/\libhal_bsp.a(alt_main.o)
                              ../lights_bsp//obj/HAL/src/crt0.o (alt_main)
../lights_bsp/\libhal_bsp.a(alt_sys_init.o)
                              ../lights_bsp/\libhal_bsp.a(alt_main.o) (alt_irq_init)
../lights_bsp/\libhal_bsp.a(altera_avalon_jtag_uart_fd.o)
                              ../lights_bsp/\libhal_bsp.a(alt_sys_init.o) (altera_avalon_jtag_uart_read_fd)
../lights_bsp/\libhal_bsp.a(altera_avalon_jtag_uart_read.o)
                              ../lights_bsp/\libhal_bsp.a(altera_avalon_jtag_uart_fd.o) (altera_avalon_jtag_uart_read)
../lights_bsp/\libhal_bsp.a(altera_avalon_jtag_uart_write.o)
                              ../lights_bsp/\libhal_bsp.a(altera_avalon_jtag_uart_fd.o) (altera_avalon_jtag_uart_write)
../lights_bsp/\libhal_bsp.a(altera_avalon_timer_sc.o)
                              ../lights_bsp/\libhal_bsp.a(alt_sys_init.o) (alt_avalon_timer_sc_init)
../lights_bsp/\libhal_bsp.a(alt_close.o)
                              ../lights_bsp/\libhal_bsp.a(alt_main.o) (close)
../lights_bsp/\libhal_bsp.a(alt_dcache_flush_all.o)
                              ../lights_bsp/\libhal_bsp.a(alt_load.o) (alt_dcache_flush_all)
../lights_bsp/\libhal_bsp.a(alt_dev.o)
                              ../lights_bsp/\libhal_bsp.a(alt_sys_init.o) (alt_dev_list)
../lights_bsp/\libhal_bsp.a(alt_dev_llist_insert.o)
                              ../lights_bsp/\libhal_bsp.a(alt_sys_init.o) (alt_dev_llist_insert)
../lights_bsp/\libhal_bsp.a(alt_errno.o)
                              ../lights_bsp/\libhal_bsp.a(alt_close.o) (alt_errno)
../lights_bsp/\libhal_bsp.a(alt_icache_flush_all.o)
                              ../lights_bsp/\libhal_bsp.a(alt_load.o) (alt_icache_flush_all)
../lights_bsp/\libhal_bsp.a(alt_iic.o)
                              ../lights_bsp/\libhal_bsp.a(altera_avalon_timer_sc.o) (alt_ic_isr_register)
../lights_bsp/\libhal_bsp.a(alt_iic_isr_register.o)
                              ../lights_bsp/\libhal_bsp.a(alt_iic.o) (alt_iic_isr_register)
../lights_bsp/\libhal_bsp.a(alt_io_redirect.o)
                              ../lights_bsp/\libhal_bsp.a(alt_main.o) (alt_io_redirect)
../lights_bsp/\libhal_bsp.a(alt_irq_entry.o)
                              ../lights_bsp/\libhal_bsp.a(alt_iic_isr_register.o) (alt_irq_entry)
../lights_bsp/\libhal_bsp.a(alt_irq_handler.o)
                              ../lights_bsp/\libhal_bsp.a(alt_iic_isr_register.o) (alt_irq)
../lights_bsp/\libhal_bsp.a(alt_irq_vars.o)
                              ../lights_bsp/\libhal_bsp.a(alt_iic.o) (alt_irq_active)
../lights_bsp/\libhal_bsp.a(alt_open.o)
                              ../lights_bsp/\libhal_bsp.a(alt_io_redirect.o) (open)
../lights_bsp/\libhal_bsp.a(alt_release_fd.o)
                              ../lights_bsp/\libhal_bsp.a(alt_close.o) (alt_release_fd)
../lights_bsp/\libhal_bsp.a(alt_tick.o)
                              ../lights_bsp/\libhal_bsp.a(altera_avalon_timer_sc.o) (_alt_tick_rate)
../lights_bsp/\libhal_bsp.a(altera_nios2_qsys_irq.o)
                              ../lights_bsp/\libhal_bsp.a(alt_sys_init.o) (altera_nios2_qsys_irq_init)
../lights_bsp/\libhal_bsp.a(alt_exception_entry.o)
                              ../lights_bsp/\libhal_bsp.a(alt_irq_entry.o) (alt_exception)
../lights_bsp/\libhal_bsp.a(alt_find_dev.o)
                              ../lights_bsp/\libhal_bsp.a(alt_open.o) (alt_find_dev)
../lights_bsp/\libhal_bsp.a(alt_find_file.o)
                              ../lights_bsp/\libhal_bsp.a(alt_open.o) (alt_find_file)
../lights_bsp/\libhal_bsp.a(alt_get_fd.o)
                              ../lights_bsp/\libhal_bsp.a(alt_open.o) (alt_get_fd)
../lights_bsp/\libhal_bsp.a(alt_icache_flush.o)
                              ../lights_bsp/\libhal_bsp.a(alt_icache_flush_all.o) (alt_icache_flush)
c:/altera/14.0/nios2eds/bin/gnu/h-x86_64-mingw32/bin/../lib/gcc/nios2-elf/4.7.3/../../../../../H-x86_64-mingw32/nios2-elf/lib/mno-hw-mul\libsmallc.a(lib_a-exit.o)
                              ../lights_bsp/\libhal_bsp.a(alt_main.o) (exit)
c:/altera/14.0/nios2eds/bin/gnu/h-x86_64-mingw32/bin/../lib/gcc/nios2-elf/4.7.3/../../../../../H-x86_64-mingw32/nios2-elf/lib/mno-hw-mul\libsmallc.a(lib_a-int_errno.o)
                              ../lights_bsp/\libhal_bsp.a(alt_close.o) (errno)
c:/altera/14.0/nios2eds/bin/gnu/h-x86_64-mingw32/bin/../lib/gcc/nios2-elf/4.7.3/../../../../../H-x86_64-mingw32/nios2-elf/lib/mno-hw-mul\libsmallc.a(lib_a-memcmp.o)
                              ../lights_bsp/\libhal_bsp.a(alt_find_dev.o) (memcmp)
c:/altera/14.0/nios2eds/bin/gnu/h-x86_64-mingw32/bin/../lib/gcc/nios2-elf/4.7.3/../../../../../H-x86_64-mingw32/nios2-elf/lib/mno-hw-mul\libsmallc.a(lib_a-strlen.o)
                              ../lights_bsp/\libhal_bsp.a(alt_find_dev.o) (strlen)
c:/altera/14.0/nios2eds/bin/gnu/h-x86_64-mingw32/bin/../lib/gcc/nios2-elf/4.7.3/../../../../../H-x86_64-mingw32/nios2-elf/lib/mno-hw-mul\libsmallc.a(lib_a-__call_atexit.o)
                              c:/altera/14.0/nios2eds/bin/gnu/h-x86_64-mingw32/bin/../lib/gcc/nios2-elf/4.7.3/../../../../../H-x86_64-mingw32/nios2-elf/lib/mno-hw-mul\libsmallc.a(lib_a-exit.o) (__call_exitprocs)
c:/altera/14.0/nios2eds/bin/gnu/h-x86_64-mingw32/bin/../lib/gcc/nios2-elf/4.7.3/../../../../../H-x86_64-mingw32/nios2-elf/lib/mno-hw-mul\libsmallc.a(lib_a-impure.o)
                              c:/altera/14.0/nios2eds/bin/gnu/h-x86_64-mingw32/bin/../lib/gcc/nios2-elf/4.7.3/../../../../../H-x86_64-mingw32/nios2-elf/lib/mno-hw-mul\libsmallc.a(lib_a-__call_atexit.o) (_global_impure_ptr)
c:/altera/14.0/nios2eds/bin/gnu/h-x86_64-mingw32/bin/../lib/gcc/nios2-elf/4.7.3/mno-hw-mul\libgcc.a(lib2-mul.o)
                              ../lights_bsp/\libhal_bsp.a(alt_close.o) (__mulsi3)
../lights_bsp/\libhal_bsp.a(alt_exit.o)
                              c:/altera/14.0/nios2eds/bin/gnu/h-x86_64-mingw32/bin/../lib/gcc/nios2-elf/4.7.3/../../../../../H-x86_64-mingw32/nios2-elf/lib/mno-hw-mul\libsmallc.a(lib_a-exit.o) (_exit)

Allocating common symbols
Common symbol       size              file

alt_irq             0x100             ../lights_bsp/\libhal_bsp.a(alt_irq_handler.o)
errno               0x4               c:/altera/14.0/nios2eds/bin/gnu/h-x86_64-mingw32/bin/../lib/gcc/nios2-elf/4.7.3/../../../../../H-x86_64-mingw32/nios2-elf/lib/mno-hw-mul\libsmallc.a(lib_a-int_errno.o)

Memory Configuration

Name             Origin             Length             Attributes
reset            0x0000000000008000 0x0000000000000020
onchip_mem       0x0000000000008020 0x0000000000004fe0
*default*        0x0000000000000000 0xffffffffffffffff

Linker script and memory map

LOAD ../lights_bsp//obj/HAL/src/crt0.o
LOAD obj/default/count_binary.o
LOAD c:/altera/14.0/nios2eds/bin/gnu/h-x86_64-mingw32/bin/../lib/gcc/nios2-elf/4.7.3/../../../../../H-x86_64-mingw32/nios2-elf/lib/mno-hw-mul\libstdc++.a
LOAD c:/altera/14.0/nios2eds/bin/gnu/h-x86_64-mingw32/bin/../lib/gcc/nios2-elf/4.7.3/../../../../../H-x86_64-mingw32/nios2-elf/lib/mno-hw-mul\libm.a
LOAD c:/altera/14.0/nios2eds/bin/gnu/h-x86_64-mingw32/bin/../lib/gcc/nios2-elf/4.7.3/mno-hw-mul\libgcc.a
START GROUP
LOAD c:/altera/14.0/nios2eds/bin/gnu/h-x86_64-mingw32/bin/../lib/gcc/nios2-elf/4.7.3/../../../../../H-x86_64-mingw32/nios2-elf/lib/mno-hw-mul\libsmallc.a
LOAD c:/altera/14.0/nios2eds/bin/gnu/h-x86_64-mingw32/bin/../lib/gcc/nios2-elf/4.7.3/mno-hw-mul\libgcc.a
LOAD ../lights_bsp/\libhal_bsp.a
END GROUP
LOAD c:/altera/14.0/nios2eds/bin/gnu/h-x86_64-mingw32/bin/../lib/gcc/nios2-elf/4.7.3/mno-hw-mul\libgcc.a
                0x0000000000008000                __alt_mem_onchip_mem = 0x8000

.entry          0x0000000000008000       0x20
 *(.entry)
 .entry         0x0000000000008000       0x20 ../lights_bsp//obj/HAL/src/crt0.o
                0x0000000000008000                __reset

.exceptions     0x0000000000008020      0x198
                0x0000000000008020                PROVIDE (__ram_exceptions_start, ABSOLUTE (.))
                0x0000000000008020                . = ALIGN (0x20)
 *(.irq)
 *(.exceptions.entry.label)
 .exceptions.entry.label
                0x0000000000008020        0x0 ../lights_bsp/\libhal_bsp.a(alt_irq_entry.o)
                0x0000000000008020                alt_irq_entry
 .exceptions.entry.label
                0x0000000000008020        0x0 ../lights_bsp/\libhal_bsp.a(alt_exception_entry.o)
                0x0000000000008020                alt_exception
 *(.exceptions.entry.user)
 *(.exceptions.entry.ecc_fatal)
 *(.exceptions.entry)
 .exceptions.entry
                0x0000000000008020       0x54 ../lights_bsp/\libhal_bsp.a(alt_exception_entry.o)
 *(.exceptions.irqtest.user)
 *(.exceptions.irqtest)
 .exceptions.irqtest
                0x0000000000008074       0x10 ../lights_bsp/\libhal_bsp.a(alt_irq_entry.o)
 *(.exceptions.irqhandler.user)
 *(.exceptions.irqhandler)
 .exceptions.irqhandler
                0x0000000000008084        0x4 ../lights_bsp/\libhal_bsp.a(alt_irq_entry.o)
 *(.exceptions.irqreturn.user)
 *(.exceptions.irqreturn)
 .exceptions.irqreturn
                0x0000000000008088        0x4 ../lights_bsp/\libhal_bsp.a(alt_irq_entry.o)
 *(.exceptions.notirq.label)
 .exceptions.notirq.label
                0x000000000000808c        0x0 ../lights_bsp/\libhal_bsp.a(alt_irq_entry.o)
 *(.exceptions.notirq.user)
 *(.exceptions.notirq)
 .exceptions.notirq
                0x000000000000808c        0x8 ../lights_bsp/\libhal_bsp.a(alt_exception_entry.o)
 *(.exceptions.soft.user)
 *(.exceptions.soft)
 *(.exceptions.unknown.user)
 *(.exceptions.unknown)
 .exceptions.unknown
                0x0000000000008094        0x4 ../lights_bsp/\libhal_bsp.a(alt_exception_entry.o)
 *(.exceptions.exit.label)
 .exceptions.exit.label
                0x0000000000008098        0x0 ../lights_bsp/\libhal_bsp.a(alt_irq_entry.o)
 .exceptions.exit.label
                0x0000000000008098        0x0 ../lights_bsp/\libhal_bsp.a(alt_exception_entry.o)
 *(.exceptions.exit.user)
 *(.exceptions.exit)
 .exceptions.exit
                0x0000000000008098       0x54 ../lights_bsp/\libhal_bsp.a(alt_exception_entry.o)
 *(.exceptions)
 .exceptions    0x00000000000080ec       0xcc ../lights_bsp/\libhal_bsp.a(alt_irq_handler.o)
                0x00000000000080ec                alt_irq_handler
                0x00000000000081b8                PROVIDE (__ram_exceptions_end, ABSOLUTE (.))
                0x0000000000008020                PROVIDE (__flash_exceptions_start, LOADADDR (.exceptions))

.text           0x00000000000081b8     0x16f8
                0x00000000000081b8                PROVIDE (stext, ABSOLUTE (.))
 *(.interp)
 *(.hash)
 *(.dynsym)
 *(.dynstr)
 *(.gnu.version)
 *(.gnu.version_d)
 *(.gnu.version_r)
 *(.rel.init)
 *(.rela.init)
 *(.rel.text .rel.text.* .rel.gnu.linkonce.t.*)
 *(.rela.text .rela.text.* .rela.gnu.linkonce.t.*)
 *(.rel.fini)
 *(.rela.fini)
 *(.rel.rodata .rel.rodata.* .rel.gnu.linkonce.r.*)
 *(.rela.rodata .rela.rodata.* .rela.gnu.linkonce.r.*)
 *(.rel.data .rel.data.* .rel.gnu.linkonce.d.*)
 *(.rela.data .rela.data.* .rela.gnu.linkonce.d.*)
 *(.rel.tdata .rel.tdata.* .rel.gnu.linkonce.td.*)
 *(.rela.tdata .rela.tdata.* .rela.gnu.linkonce.td.*)
 *(.rel.tbss .rel.tbss.* .rel.gnu.linkonce.tb.*)
 *(.rela.tbss .rela.tbss.* .rela.gnu.linkonce.tb.*)
 *(.rel.ctors)
 *(.rela.ctors)
 *(.rel.dtors)
 *(.rela.dtors)
 *(.rel.got)
 *(.rela.got)
 *(.rel.sdata .rel.sdata.* .rel.gnu.linkonce.s.*)
 *(.rela.sdata .rela.sdata.* .rela.gnu.linkonce.s.*)
 *(.rel.sbss .rel.sbss.* .rel.gnu.linkonce.sb.*)
 *(.rela.sbss .rela.sbss.* .rela.gnu.linkonce.sb.*)
 *(.rel.sdata2 .rel.sdata2.* .rel.gnu.linkonce.s2.*)
 *(.rela.sdata2 .rela.sdata2.* .rela.gnu.linkonce.s2.*)
 *(.rel.sbss2 .rel.sbss2.* .rel.gnu.linkonce.sb2.*)
 *(.rela.sbss2 .rela.sbss2.* .rela.gnu.linkonce.sb2.*)
 *(.rel.bss .rel.bss.* .rel.gnu.linkonce.b.*)
 *(.rela.bss .rela.bss.* .rela.gnu.linkonce.b.*)
 *(.rel.plt)
 *(.rela.plt)
 *(.rel.dyn)
 *(.init)
 *(.plt)
 *(.text .stub .text.* .gnu.linkonce.t.*)
 .text          0x00000000000081b8       0x3c ../lights_bsp//obj/HAL/src/crt0.o
                0x00000000000081b8                _start
 .text          0x00000000000081f4       0x20 obj/default/count_binary.o
                0x00000000000081f4                main
 .text          0x0000000000008214       0xec ../lights_bsp/\libhal_bsp.a(alt_load.o)
                0x0000000000008280                alt_load
 .text          0x0000000000008300       0x68 ../lights_bsp/\libhal_bsp.a(alt_main.o)
                0x0000000000008300                alt_main
 .text          0x0000000000008368       0xb8 ../lights_bsp/\libhal_bsp.a(alt_sys_init.o)
                0x00000000000083a0                alt_irq_init
                0x00000000000083d4                alt_sys_init
 .text          0x0000000000008420       0xc0 ../lights_bsp/\libhal_bsp.a(altera_avalon_jtag_uart_fd.o)
                0x0000000000008420                altera_avalon_jtag_uart_read_fd
                0x0000000000008480                altera_avalon_jtag_uart_write_fd
 .text          0x00000000000084e0       0xf4 ../lights_bsp/\libhal_bsp.a(altera_avalon_jtag_uart_read.o)
                0x00000000000084e0                altera_avalon_jtag_uart_read
 .text          0x00000000000085d4       0x98 ../lights_bsp/\libhal_bsp.a(altera_avalon_jtag_uart_write.o)
                0x00000000000085d4                altera_avalon_jtag_uart_write
 .text          0x000000000000866c       0xfc ../lights_bsp/\libhal_bsp.a(altera_avalon_timer_sc.o)
                0x00000000000086e0                alt_avalon_timer_sc_init
 .text          0x0000000000008768      0x11c ../lights_bsp/\libhal_bsp.a(alt_close.o)
                0x00000000000087b8                close
 .text          0x0000000000008884       0x1c ../lights_bsp/\libhal_bsp.a(alt_dcache_flush_all.o)
                0x0000000000008884                alt_dcache_flush_all
 .text          0x00000000000088a0       0x2c ../lights_bsp/\libhal_bsp.a(alt_dev.o)
 .text          0x00000000000088cc       0xf0 ../lights_bsp/\libhal_bsp.a(alt_dev_llist_insert.o)
                0x000000000000891c                alt_dev_llist_insert
 .text          0x00000000000089bc        0x0 ../lights_bsp/\libhal_bsp.a(alt_errno.o)
 .text          0x00000000000089bc       0x30 ../lights_bsp/\libhal_bsp.a(alt_icache_flush_all.o)
                0x00000000000089bc                alt_icache_flush_all
 .text          0x00000000000089ec      0x1d8 ../lights_bsp/\libhal_bsp.a(alt_iic.o)
                0x00000000000089ec                alt_ic_isr_register
                0x0000000000008a3c                alt_ic_irq_enable
                0x0000000000008ad8                alt_ic_irq_disable
                0x0000000000008b78                alt_ic_irq_enabled
 .text          0x0000000000008bc4       0xf0 ../lights_bsp/\libhal_bsp.a(alt_iic_isr_register.o)
                0x0000000000008bc4                alt_iic_isr_register
 .text          0x0000000000008cb4      0x158 ../lights_bsp/\libhal_bsp.a(alt_io_redirect.o)
                0x0000000000008d94                alt_io_redirect
 .text          0x0000000000008e0c        0x0 ../lights_bsp/\libhal_bsp.a(alt_irq_entry.o)
 .text          0x0000000000008e0c        0x0 ../lights_bsp/\libhal_bsp.a(alt_irq_handler.o)
 .text          0x0000000000008e0c        0x0 ../lights_bsp/\libhal_bsp.a(alt_irq_vars.o)
 .text          0x0000000000008e0c      0x298 ../lights_bsp/\libhal_bsp.a(alt_open.o)
                0x0000000000008f4c                open
 .text          0x00000000000090a4       0x80 ../lights_bsp/\libhal_bsp.a(alt_release_fd.o)
                0x00000000000090a4                alt_release_fd
 .text          0x0000000000009124      0x19c ../lights_bsp/\libhal_bsp.a(alt_tick.o)
                0x0000000000009124                alt_alarm_stop
                0x00000000000091bc                alt_tick
 .text          0x00000000000092c0       0x20 ../lights_bsp/\libhal_bsp.a(altera_nios2_qsys_irq.o)
                0x00000000000092c0                altera_nios2_qsys_irq_init
 .text          0x00000000000092e0        0x0 ../lights_bsp/\libhal_bsp.a(alt_exception_entry.o)
 .text          0x00000000000092e0       0x90 ../lights_bsp/\libhal_bsp.a(alt_find_dev.o)
                0x00000000000092e0                alt_find_dev
 .text          0x0000000000009370      0x114 ../lights_bsp/\libhal_bsp.a(alt_find_file.o)
                0x0000000000009370                alt_find_file
 .text          0x0000000000009484       0xd4 ../lights_bsp/\libhal_bsp.a(alt_get_fd.o)
                0x0000000000009484                alt_get_fd
 .text          0x0000000000009558       0x8c ../lights_bsp/\libhal_bsp.a(alt_icache_flush.o)
                0x0000000000009558                alt_icache_flush
 .text          0x00000000000095e4       0x20 c:/altera/14.0/nios2eds/bin/gnu/h-x86_64-mingw32/bin/../lib/gcc/nios2-elf/4.7.3/../../../../../H-x86_64-mingw32/nios2-elf/lib/mno-hw-mul\libsmallc.a(lib_a-exit.o)
                0x00000000000095e4                exit
 .text          0x0000000000009604        0x0 c:/altera/14.0/nios2eds/bin/gnu/h-x86_64-mingw32/bin/../lib/gcc/nios2-elf/4.7.3/../../../../../H-x86_64-mingw32/nios2-elf/lib/mno-hw-mul\libsmallc.a(lib_a-int_errno.o)
 .text          0x0000000000009604       0x48 c:/altera/14.0/nios2eds/bin/gnu/h-x86_64-mingw32/bin/../lib/gcc/nios2-elf/4.7.3/../../../../../H-x86_64-mingw32/nios2-elf/lib/mno-hw-mul\libsmallc.a(lib_a-memcmp.o)
                0x0000000000009604                memcmp
 .text          0x000000000000964c       0x28 c:/altera/14.0/nios2eds/bin/gnu/h-x86_64-mingw32/bin/../lib/gcc/nios2-elf/4.7.3/../../../../../H-x86_64-mingw32/nios2-elf/lib/mno-hw-mul\libsmallc.a(lib_a-strlen.o)
                0x000000000000964c                strlen
 .text          0x0000000000009674      0x1d8 c:/altera/14.0/nios2eds/bin/gnu/h-x86_64-mingw32/bin/../lib/gcc/nios2-elf/4.7.3/../../../../../H-x86_64-mingw32/nios2-elf/lib/mno-hw-mul\libsmallc.a(lib_a-__call_atexit.o)
                0x0000000000009674                __call_exitprocs
 .text          0x000000000000984c        0x0 c:/altera/14.0/nios2eds/bin/gnu/h-x86_64-mingw32/bin/../lib/gcc/nios2-elf/4.7.3/../../../../../H-x86_64-mingw32/nios2-elf/lib/mno-hw-mul\libsmallc.a(lib_a-impure.o)
 .text          0x000000000000984c       0x28 c:/altera/14.0/nios2eds/bin/gnu/h-x86_64-mingw32/bin/../lib/gcc/nios2-elf/4.7.3/mno-hw-mul\libgcc.a(lib2-mul.o)
                0x000000000000984c                __mulsi3
 .text          0x0000000000009874       0x3c ../lights_bsp/\libhal_bsp.a(alt_exit.o)
                0x0000000000009874                _exit
 *(.gnu.warning.*)
 *(.fini)
                0x00000000000098b0                PROVIDE (__etext, ABSOLUTE (.))
                0x00000000000098b0                PROVIDE (_etext, ABSOLUTE (.))
                0x00000000000098b0                PROVIDE (etext, ABSOLUTE (.))
 *(.eh_frame_hdr)
                0x00000000000098b0                . = ALIGN (0x4)
                0x00000000000098b0                PROVIDE (__preinit_array_start, ABSOLUTE (.))
 *(.preinit_array)
                0x00000000000098b0                PROVIDE (__preinit_array_end, ABSOLUTE (.))
                0x00000000000098b0                PROVIDE (__init_array_start, ABSOLUTE (.))
 *(.init_array)
                0x00000000000098b0                PROVIDE (__init_array_end, ABSOLUTE (.))
                0x00000000000098b0                PROVIDE (__fini_array_start, ABSOLUTE (.))
 *(.fini_array)
                0x00000000000098b0                PROVIDE (__fini_array_end, ABSOLUTE (.))
 *(.eh_frame)
 *(.gcc_except_table .gcc_except_table.*)
 *(.dynamic)
                0x00000000000098b0                PROVIDE (__CTOR_LIST__, ABSOLUTE (.))
 *(.ctors)
 *(SORT(.ctors.*))
                0x00000000000098b0                PROVIDE (__CTOR_END__, ABSOLUTE (.))
                0x00000000000098b0                PROVIDE (__DTOR_LIST__, ABSOLUTE (.))
 *(.dtors)
 *(SORT(.dtors.*))
                0x00000000000098b0                PROVIDE (__DTOR_END__, ABSOLUTE (.))
 *(.jcr)
                0x00000000000098b0                . = ALIGN (0x4)

.rodata         0x00000000000098b0       0x2c
                0x00000000000098b0                PROVIDE (__ram_rodata_start, ABSOLUTE (.))
                0x00000000000098b0                . = ALIGN (0x4)
 *(.rodata .rodata.* .gnu.linkonce.r.*)
 .rodata        0x00000000000098b0       0x10 ../lights_bsp/\libhal_bsp.a(alt_main.o)
 .rodata        0x00000000000098c0       0x10 ../lights_bsp/\libhal_bsp.a(alt_sys_init.o)
 .rodata        0x00000000000098d0        0xc ../lights_bsp/\libhal_bsp.a(alt_dev.o)
 *(.rodata1)
                0x00000000000098dc                . = ALIGN (0x4)
                0x00000000000098dc                PROVIDE (__ram_rodata_end, ABSOLUTE (.))
                0x00000000000098b0                PROVIDE (__flash_rodata_start, LOADADDR (.rodata))

.rwdata         0x00000000000098dc      0x2e0 load address 0x0000000000009bbc
                0x00000000000098dc                PROVIDE (__ram_rwdata_start, ABSOLUTE (.))
                0x00000000000098dc                . = ALIGN (0x4)
 *(.got.plt)
 *(.got)
 *(.data1)
 *(.data .data.* .gnu.linkonce.d.*)
 .data          0x00000000000098dc        0x0 ../lights_bsp//obj/HAL/src/crt0.o
 .data          0x00000000000098dc        0x0 obj/default/count_binary.o
 .data          0x00000000000098dc        0x0 ../lights_bsp/\libhal_bsp.a(alt_load.o)
 .data          0x00000000000098dc        0x0 ../lights_bsp/\libhal_bsp.a(alt_main.o)
 .data          0x00000000000098dc       0x2c ../lights_bsp/\libhal_bsp.a(alt_sys_init.o)
 .data          0x0000000000009908        0x0 ../lights_bsp/\libhal_bsp.a(altera_avalon_jtag_uart_fd.o)
 .data          0x0000000000009908        0x0 ../lights_bsp/\libhal_bsp.a(altera_avalon_jtag_uart_read.o)
 .data          0x0000000000009908        0x0 ../lights_bsp/\libhal_bsp.a(altera_avalon_jtag_uart_write.o)
 .data          0x0000000000009908        0x0 ../lights_bsp/\libhal_bsp.a(altera_avalon_timer_sc.o)
 .data          0x0000000000009908        0x0 ../lights_bsp/\libhal_bsp.a(alt_close.o)
 .data          0x0000000000009908        0x0 ../lights_bsp/\libhal_bsp.a(alt_dcache_flush_all.o)
 .data          0x0000000000009908      0x1a8 ../lights_bsp/\libhal_bsp.a(alt_dev.o)
                0x0000000000009908                alt_dev_null
                0x0000000000009930                alt_fd_list
 .data          0x0000000000009ab0        0x0 ../lights_bsp/\libhal_bsp.a(alt_dev_llist_insert.o)
 .data          0x0000000000009ab0        0x0 ../lights_bsp/\libhal_bsp.a(alt_errno.o)
 .data          0x0000000000009ab0        0x0 ../lights_bsp/\libhal_bsp.a(alt_icache_flush_all.o)
 .data          0x0000000000009ab0        0x0 ../lights_bsp/\libhal_bsp.a(alt_iic.o)
 .data          0x0000000000009ab0        0x0 ../lights_bsp/\libhal_bsp.a(alt_iic_isr_register.o)
 .data          0x0000000000009ab0        0x0 ../lights_bsp/\libhal_bsp.a(alt_io_redirect.o)
 .data          0x0000000000009ab0        0x0 ../lights_bsp/\libhal_bsp.a(alt_irq_entry.o)
 .data          0x0000000000009ab0        0x0 ../lights_bsp/\libhal_bsp.a(alt_irq_handler.o)
 .data          0x0000000000009ab0        0x0 ../lights_bsp/\libhal_bsp.a(alt_irq_vars.o)
 .data          0x0000000000009ab0        0x0 ../lights_bsp/\libhal_bsp.a(alt_open.o)
 .data          0x0000000000009ab0        0x0 ../lights_bsp/\libhal_bsp.a(alt_release_fd.o)
 .data          0x0000000000009ab0        0x0 ../lights_bsp/\libhal_bsp.a(alt_tick.o)
 .data          0x0000000000009ab0        0x0 ../lights_bsp/\libhal_bsp.a(altera_nios2_qsys_irq.o)
 .data          0x0000000000009ab0        0x0 ../lights_bsp/\libhal_bsp.a(alt_exception_entry.o)
 .data          0x0000000000009ab0        0x0 ../lights_bsp/\libhal_bsp.a(alt_find_dev.o)
 .data          0x0000000000009ab0        0x0 ../lights_bsp/\libhal_bsp.a(alt_find_file.o)
 .data          0x0000000000009ab0        0x0 ../lights_bsp/\libhal_bsp.a(alt_get_fd.o)
 .data          0x0000000000009ab0        0x0 ../lights_bsp/\libhal_bsp.a(alt_icache_flush.o)
 .data          0x0000000000009ab0        0x0 c:/altera/14.0/nios2eds/bin/gnu/h-x86_64-mingw32/bin/../lib/gcc/nios2-elf/4.7.3/../../../../../H-x86_64-mingw32/nios2-elf/lib/mno-hw-mul\libsmallc.a(lib_a-exit.o)
 .data          0x0000000000009ab0        0x0 c:/altera/14.0/nios2eds/bin/gnu/h-x86_64-mingw32/bin/../lib/gcc/nios2-elf/4.7.3/../../../../../H-x86_64-mingw32/nios2-elf/lib/mno-hw-mul\libsmallc.a(lib_a-int_errno.o)
 .data          0x0000000000009ab0        0x0 c:/altera/14.0/nios2eds/bin/gnu/h-x86_64-mingw32/bin/../lib/gcc/nios2-elf/4.7.3/../../../../../H-x86_64-mingw32/nios2-elf/lib/mno-hw-mul\libsmallc.a(lib_a-memcmp.o)
 .data          0x0000000000009ab0        0x0 c:/altera/14.0/nios2eds/bin/gnu/h-x86_64-mingw32/bin/../lib/gcc/nios2-elf/4.7.3/../../../../../H-x86_64-mingw32/nios2-elf/lib/mno-hw-mul\libsmallc.a(lib_a-strlen.o)
 .data          0x0000000000009ab0        0x0 c:/altera/14.0/nios2eds/bin/gnu/h-x86_64-mingw32/bin/../lib/gcc/nios2-elf/4.7.3/../../../../../H-x86_64-mingw32/nios2-elf/lib/mno-hw-mul\libsmallc.a(lib_a-__call_atexit.o)
 .data          0x0000000000009ab0       0xe0 c:/altera/14.0/nios2eds/bin/gnu/h-x86_64-mingw32/bin/../lib/gcc/nios2-elf/4.7.3/../../../../../H-x86_64-mingw32/nios2-elf/lib/mno-hw-mul\libsmallc.a(lib_a-impure.o)
 .data          0x0000000000009b90        0x0 c:/altera/14.0/nios2eds/bin/gnu/h-x86_64-mingw32/bin/../lib/gcc/nios2-elf/4.7.3/mno-hw-mul\libgcc.a(lib2-mul.o)
 .data          0x0000000000009b90        0x0 ../lights_bsp/\libhal_bsp.a(alt_exit.o)
                0x0000000000011b90                _gp = ABSOLUTE ((. + 0x8000))
                0x0000000000011b90                PROVIDE (gp, _gp)
 *(.rwdata .rwdata.*)
 *(.sdata .sdata.* .gnu.linkonce.s.*)
 .sdata         0x0000000000009b90       0x14 ../lights_bsp/\libhal_bsp.a(alt_dev.o)
                0x0000000000009b90                alt_fs_list
                0x0000000000009b98                alt_dev_list
                0x0000000000009ba0                alt_max_fd
 .sdata         0x0000000000009ba4        0x4 ../lights_bsp/\libhal_bsp.a(alt_errno.o)
                0x0000000000009ba4                alt_errno
 .sdata         0x0000000000009ba8        0x4 ../lights_bsp/\libhal_bsp.a(alt_irq_vars.o)
                0x0000000000009ba8                alt_priority_mask
 .sdata         0x0000000000009bac        0x8 ../lights_bsp/\libhal_bsp.a(alt_tick.o)
                0x0000000000009bac                alt_alarm_list
 .sdata         0x0000000000009bb4        0x8 c:/altera/14.0/nios2eds/bin/gnu/h-x86_64-mingw32/bin/../lib/gcc/nios2-elf/4.7.3/../../../../../H-x86_64-mingw32/nios2-elf/lib/mno-hw-mul\libsmallc.a(lib_a-impure.o)
                0x0000000000009bb4                _global_impure_ptr
                0x0000000000009bb8                _impure_ptr
 *(.sdata2 .sdata2.* .gnu.linkonce.s2.*)
                0x0000000000009bbc                . = ALIGN (0x4)
                0x0000000000009bbc                _edata = ABSOLUTE (.)
                0x0000000000009bbc                PROVIDE (edata, ABSOLUTE (.))
                0x0000000000009bbc                PROVIDE (__ram_rwdata_end, ABSOLUTE (.))
                0x0000000000009bbc                PROVIDE (__flash_rwdata_start, LOADADDR (.rwdata))

.bss            0x0000000000009e9c      0x11c
                0x0000000000009e9c                __bss_start = ABSOLUTE (.)
                0x0000000000009e9c                PROVIDE (__sbss_start, ABSOLUTE (.))
                0x0000000000009e9c                PROVIDE (___sbss_start, ABSOLUTE (.))
 *(.dynsbss)
 *(.sbss .sbss.* .gnu.linkonce.sb.*)
 .sbss          0x0000000000009e9c        0xc ../lights_bsp/\libhal_bsp.a(alt_main.o)
                0x0000000000009e9c                alt_argc
                0x0000000000009ea0                alt_argv
                0x0000000000009ea4                alt_envp
 .sbss          0x0000000000009ea8        0x4 ../lights_bsp/\libhal_bsp.a(alt_irq_vars.o)
                0x0000000000009ea8                alt_irq_active
 .sbss          0x0000000000009eac        0x8 ../lights_bsp/\libhal_bsp.a(alt_tick.o)
                0x0000000000009eac                _alt_tick_rate
                0x0000000000009eb0                _alt_nticks
 .sbss          0x0000000000009eb4        0x4 c:/altera/14.0/nios2eds/bin/gnu/h-x86_64-mingw32/bin/../lib/gcc/nios2-elf/4.7.3/../../../../../H-x86_64-mingw32/nios2-elf/lib/mno-hw-mul\libsmallc.a(lib_a-int_errno.o)
                0x0000000000009eb4                errno
 *(.sbss2 .sbss2.* .gnu.linkonce.sb2.*)
 *(.scommon)
                0x0000000000009eb8                PROVIDE (__sbss_end, ABSOLUTE (.))
                0x0000000000009eb8                PROVIDE (___sbss_end, ABSOLUTE (.))
 *(.dynbss)
 *(.bss .bss.* .gnu.linkonce.b.*)
 .bss           0x0000000000009eb8        0x0 ../lights_bsp//obj/HAL/src/crt0.o
 .bss           0x0000000000009eb8        0x0 obj/default/count_binary.o
 .bss           0x0000000000009eb8        0x0 ../lights_bsp/\libhal_bsp.a(alt_load.o)
 .bss           0x0000000000009eb8        0x0 ../lights_bsp/\libhal_bsp.a(alt_main.o)
 .bss           0x0000000000009eb8        0x0 ../lights_bsp/\libhal_bsp.a(alt_sys_init.o)
 .bss           0x0000000000009eb8        0x0 ../lights_bsp/\libhal_bsp.a(altera_avalon_jtag_uart_fd.o)
 .bss           0x0000000000009eb8        0x0 ../lights_bsp/\libhal_bsp.a(altera_avalon_jtag_uart_read.o)
 .bss           0x0000000000009eb8        0x0 ../lights_bsp/\libhal_bsp.a(altera_avalon_jtag_uart_write.o)
 .bss           0x0000000000009eb8        0x0 ../lights_bsp/\libhal_bsp.a(altera_avalon_timer_sc.o)
 .bss           0x0000000000009eb8        0x0 ../lights_bsp/\libhal_bsp.a(alt_close.o)
 .bss           0x0000000000009eb8        0x0 ../lights_bsp/\libhal_bsp.a(alt_dcache_flush_all.o)
 .bss           0x0000000000009eb8        0x0 ../lights_bsp/\libhal_bsp.a(alt_dev.o)
 .bss           0x0000000000009eb8        0x0 ../lights_bsp/\libhal_bsp.a(alt_dev_llist_insert.o)
 .bss           0x0000000000009eb8        0x0 ../lights_bsp/\libhal_bsp.a(alt_errno.o)
 .bss           0x0000000000009eb8        0x0 ../lights_bsp/\libhal_bsp.a(alt_icache_flush_all.o)
 .bss           0x0000000000009eb8        0x0 ../lights_bsp/\libhal_bsp.a(alt_iic.o)
 .bss           0x0000000000009eb8        0x0 ../lights_bsp/\libhal_bsp.a(alt_iic_isr_register.o)
 .bss           0x0000000000009eb8        0x0 ../lights_bsp/\libhal_bsp.a(alt_io_redirect.o)
 .bss           0x0000000000009eb8        0x0 ../lights_bsp/\libhal_bsp.a(alt_irq_entry.o)
 .bss           0x0000000000009eb8        0x0 ../lights_bsp/\libhal_bsp.a(alt_irq_handler.o)
 .bss           0x0000000000009eb8        0x0 ../lights_bsp/\libhal_bsp.a(alt_irq_vars.o)
 .bss           0x0000000000009eb8        0x0 ../lights_bsp/\libhal_bsp.a(alt_open.o)
 .bss           0x0000000000009eb8        0x0 ../lights_bsp/\libhal_bsp.a(alt_release_fd.o)
 .bss           0x0000000000009eb8        0x0 ../lights_bsp/\libhal_bsp.a(alt_tick.o)
 .bss           0x0000000000009eb8        0x0 ../lights_bsp/\libhal_bsp.a(altera_nios2_qsys_irq.o)
 .bss           0x0000000000009eb8        0x0 ../lights_bsp/\libhal_bsp.a(alt_exception_entry.o)
 .bss           0x0000000000009eb8        0x0 ../lights_bsp/\libhal_bsp.a(alt_find_dev.o)
 .bss           0x0000000000009eb8        0x0 ../lights_bsp/\libhal_bsp.a(alt_find_file.o)
 .bss           0x0000000000009eb8        0x0 ../lights_bsp/\libhal_bsp.a(alt_get_fd.o)
 .bss           0x0000000000009eb8        0x0 ../lights_bsp/\libhal_bsp.a(alt_icache_flush.o)
 .bss           0x0000000000009eb8        0x0 c:/altera/14.0/nios2eds/bin/gnu/h-x86_64-mingw32/bin/../lib/gcc/nios2-elf/4.7.3/../../../../../H-x86_64-mingw32/nios2-elf/lib/mno-hw-mul\libsmallc.a(lib_a-exit.o)
 .bss           0x0000000000009eb8        0x0 c:/altera/14.0/nios2eds/bin/gnu/h-x86_64-mingw32/bin/../lib/gcc/nios2-elf/4.7.3/../../../../../H-x86_64-mingw32/nios2-elf/lib/mno-hw-mul\libsmallc.a(lib_a-int_errno.o)
 .bss           0x0000000000009eb8        0x0 c:/altera/14.0/nios2eds/bin/gnu/h-x86_64-mingw32/bin/../lib/gcc/nios2-elf/4.7.3/../../../../../H-x86_64-mingw32/nios2-elf/lib/mno-hw-mul\libsmallc.a(lib_a-memcmp.o)
 .bss           0x0000000000009eb8        0x0 c:/altera/14.0/nios2eds/bin/gnu/h-x86_64-mingw32/bin/../lib/gcc/nios2-elf/4.7.3/../../../../../H-x86_64-mingw32/nios2-elf/lib/mno-hw-mul\libsmallc.a(lib_a-strlen.o)
 .bss           0x0000000000009eb8        0x0 c:/altera/14.0/nios2eds/bin/gnu/h-x86_64-mingw32/bin/../lib/gcc/nios2-elf/4.7.3/../../../../../H-x86_64-mingw32/nios2-elf/lib/mno-hw-mul\libsmallc.a(lib_a-__call_atexit.o)
 .bss           0x0000000000009eb8        0x0 c:/altera/14.0/nios2eds/bin/gnu/h-x86_64-mingw32/bin/../lib/gcc/nios2-elf/4.7.3/../../../../../H-x86_64-mingw32/nios2-elf/lib/mno-hw-mul\libsmallc.a(lib_a-impure.o)
 .bss           0x0000000000009eb8        0x0 c:/altera/14.0/nios2eds/bin/gnu/h-x86_64-mingw32/bin/../lib/gcc/nios2-elf/4.7.3/mno-hw-mul\libgcc.a(lib2-mul.o)
 .bss           0x0000000000009eb8        0x0 ../lights_bsp/\libhal_bsp.a(alt_exit.o)
 *(COMMON)
 COMMON         0x0000000000009eb8      0x100 ../lights_bsp/\libhal_bsp.a(alt_irq_handler.o)
                0x0000000000009eb8                alt_irq
                0x0000000000009fb8                . = ALIGN (0x4)
                0x0000000000009fb8                __bss_end = ABSOLUTE (.)

.onchip_mem     0x0000000000009fb8        0x0
                0x0000000000009fb8                PROVIDE (_alt_partition_onchip_mem_start, ABSOLUTE (.))
 *(.onchip_mem .onchip_mem. onchip_mem.*)
                0x0000000000009fb8                . = ALIGN (0x4)
                0x0000000000009fb8                PROVIDE (_alt_partition_onchip_mem_end, ABSOLUTE (.))
                0x0000000000009fb8                _end = ABSOLUTE (.)
                0x0000000000009fb8                end = ABSOLUTE (.)
                0x0000000000009fb8                __alt_stack_base = ABSOLUTE (.)
                0x0000000000009fb8                PROVIDE (_alt_partition_onchip_mem_load_addr, LOADADDR (.onchip_mem))

.stab
 *(.stab)

.stabstr
 *(.stabstr)

.stab.excl
 *(.stab.excl)

.stab.exclstr
 *(.stab.exclstr)

.stab.index
 *(.stab.index)

.stab.indexstr
 *(.stab.indexstr)

.comment        0x0000000000000000       0x23
 *(.comment)
 .comment       0x0000000000000000       0x23 obj/default/count_binary.o
                                         0x24 (size before relaxing)
 .comment       0x0000000000000000       0x24 ../lights_bsp/\libhal_bsp.a(alt_load.o)
 .comment       0x0000000000000000       0x24 ../lights_bsp/\libhal_bsp.a(alt_main.o)
 .comment       0x0000000000000000       0x24 ../lights_bsp/\libhal_bsp.a(alt_sys_init.o)
 .comment       0x0000000000000000       0x24 ../lights_bsp/\libhal_bsp.a(altera_avalon_jtag_uart_fd.o)
 .comment       0x0000000000000000       0x24 ../lights_bsp/\libhal_bsp.a(altera_avalon_jtag_uart_read.o)
 .comment       0x0000000000000000       0x24 ../lights_bsp/\libhal_bsp.a(altera_avalon_jtag_uart_write.o)
 .comment       0x0000000000000000       0x24 ../lights_bsp/\libhal_bsp.a(altera_avalon_timer_sc.o)
 .comment       0x0000000000000000       0x24 ../lights_bsp/\libhal_bsp.a(alt_close.o)
 .comment       0x0000000000000000       0x24 ../lights_bsp/\libhal_bsp.a(alt_dcache_flush_all.o)
 .comment       0x0000000000000000       0x24 ../lights_bsp/\libhal_bsp.a(alt_dev.o)
 .comment       0x0000000000000000       0x24 ../lights_bsp/\libhal_bsp.a(alt_dev_llist_insert.o)
 .comment       0x0000000000000000       0x24 ../lights_bsp/\libhal_bsp.a(alt_errno.o)
 .comment       0x0000000000000000       0x24 ../lights_bsp/\libhal_bsp.a(alt_icache_flush_all.o)
 .comment       0x0000000000000000       0x24 ../lights_bsp/\libhal_bsp.a(alt_iic.o)
 .comment       0x0000000000000000       0x24 ../lights_bsp/\libhal_bsp.a(alt_iic_isr_register.o)
 .comment       0x0000000000000000       0x24 ../lights_bsp/\libhal_bsp.a(alt_io_redirect.o)
 .comment       0x0000000000000000       0x24 ../lights_bsp/\libhal_bsp.a(alt_irq_handler.o)
 .comment       0x0000000000000000       0x24 ../lights_bsp/\libhal_bsp.a(alt_irq_vars.o)
 .comment       0x0000000000000000       0x24 ../lights_bsp/\libhal_bsp.a(alt_open.o)
 .comment       0x0000000000000000       0x24 ../lights_bsp/\libhal_bsp.a(alt_release_fd.o)
 .comment       0x0000000000000000       0x24 ../lights_bsp/\libhal_bsp.a(alt_tick.o)
 .comment       0x0000000000000000       0x24 ../lights_bsp/\libhal_bsp.a(altera_nios2_qsys_irq.o)
 .comment       0x0000000000000000       0x24 ../lights_bsp/\libhal_bsp.a(alt_find_dev.o)
 .comment       0x0000000000000000       0x24 ../lights_bsp/\libhal_bsp.a(alt_find_file.o)
 .comment       0x0000000000000000       0x24 ../lights_bsp/\libhal_bsp.a(alt_get_fd.o)
 .comment       0x0000000000000000       0x24 ../lights_bsp/\libhal_bsp.a(alt_icache_flush.o)
 .comment       0x0000000000000000       0x24 c:/altera/14.0/nios2eds/bin/gnu/h-x86_64-mingw32/bin/../lib/gcc/nios2-elf/4.7.3/../../../../../H-x86_64-mingw32/nios2-elf/lib/mno-hw-mul\libsmallc.a(lib_a-exit.o)
 .comment       0x0000000000000000       0x24 c:/altera/14.0/nios2eds/bin/gnu/h-x86_64-mingw32/bin/../lib/gcc/nios2-elf/4.7.3/../../../../../H-x86_64-mingw32/nios2-elf/lib/mno-hw-mul\libsmallc.a(lib_a-int_errno.o)
 .comment       0x0000000000000000       0x24 c:/altera/14.0/nios2eds/bin/gnu/h-x86_64-mingw32/bin/../lib/gcc/nios2-elf/4.7.3/../../../../../H-x86_64-mingw32/nios2-elf/lib/mno-hw-mul\libsmallc.a(lib_a-memcmp.o)
 .comment       0x0000000000000000       0x24 c:/altera/14.0/nios2eds/bin/gnu/h-x86_64-mingw32/bin/../lib/gcc/nios2-elf/4.7.3/../../../../../H-x86_64-mingw32/nios2-elf/lib/mno-hw-mul\libsmallc.a(lib_a-strlen.o)
 .comment       0x0000000000000000       0x24 c:/altera/14.0/nios2eds/bin/gnu/h-x86_64-mingw32/bin/../lib/gcc/nios2-elf/4.7.3/../../../../../H-x86_64-mingw32/nios2-elf/lib/mno-hw-mul\libsmallc.a(lib_a-__call_atexit.o)
 .comment       0x0000000000000000       0x24 c:/altera/14.0/nios2eds/bin/gnu/h-x86_64-mingw32/bin/../lib/gcc/nios2-elf/4.7.3/../../../../../H-x86_64-mingw32/nios2-elf/lib/mno-hw-mul\libsmallc.a(lib_a-impure.o)
 .comment       0x0000000000000000       0x24 c:/altera/14.0/nios2eds/bin/gnu/h-x86_64-mingw32/bin/../lib/gcc/nios2-elf/4.7.3/mno-hw-mul\libgcc.a(lib2-mul.o)
 .comment       0x0000000000000000       0x24 ../lights_bsp/\libhal_bsp.a(alt_exit.o)

.debug
 *(.debug)

.line
 *(.line)

.debug_srcinfo
 *(.debug_srcinfo)

.debug_sfnames
 *(.debug_sfnames)

.debug_aranges  0x0000000000000000      0x4d0
 *(.debug_aranges)
 .debug_aranges
                0x0000000000000000       0x28 ../lights_bsp//obj/HAL/src/crt0.o
 .debug_aranges
                0x0000000000000028       0x20 obj/default/count_binary.o
 .debug_aranges
                0x0000000000000048       0x20 ../lights_bsp/\libhal_bsp.a(alt_load.o)
 .debug_aranges
                0x0000000000000068       0x20 ../lights_bsp/\libhal_bsp.a(alt_main.o)
 .debug_aranges
                0x0000000000000088       0x20 ../lights_bsp/\libhal_bsp.a(alt_sys_init.o)
 .debug_aranges
                0x00000000000000a8       0x20 ../lights_bsp/\libhal_bsp.a(altera_avalon_jtag_uart_fd.o)
 .debug_aranges
                0x00000000000000c8       0x20 ../lights_bsp/\libhal_bsp.a(altera_avalon_jtag_uart_read.o)
 .debug_aranges
                0x00000000000000e8       0x20 ../lights_bsp/\libhal_bsp.a(altera_avalon_jtag_uart_write.o)
 .debug_aranges
                0x0000000000000108       0x20 ../lights_bsp/\libhal_bsp.a(altera_avalon_timer_sc.o)
 .debug_aranges
                0x0000000000000128       0x20 ../lights_bsp/\libhal_bsp.a(alt_close.o)
 .debug_aranges
                0x0000000000000148       0x20 ../lights_bsp/\libhal_bsp.a(alt_dcache_flush_all.o)
 .debug_aranges
                0x0000000000000168       0x20 ../lights_bsp/\libhal_bsp.a(alt_dev.o)
 .debug_aranges
                0x0000000000000188       0x20 ../lights_bsp/\libhal_bsp.a(alt_dev_llist_insert.o)
 .debug_aranges
                0x00000000000001a8       0x18 ../lights_bsp/\libhal_bsp.a(alt_errno.o)
 .debug_aranges
                0x00000000000001c0       0x20 ../lights_bsp/\libhal_bsp.a(alt_icache_flush_all.o)
 .debug_aranges
                0x00000000000001e0       0x20 ../lights_bsp/\libhal_bsp.a(alt_iic.o)
 .debug_aranges
                0x0000000000000200       0x20 ../lights_bsp/\libhal_bsp.a(alt_iic_isr_register.o)
 .debug_aranges
                0x0000000000000220       0x20 ../lights_bsp/\libhal_bsp.a(alt_io_redirect.o)
 .debug_aranges
                0x0000000000000240       0x30 ../lights_bsp/\libhal_bsp.a(alt_irq_entry.o)
 .debug_aranges
                0x0000000000000270       0x20 ../lights_bsp/\libhal_bsp.a(alt_irq_handler.o)
 .debug_aranges
                0x0000000000000290       0x18 ../lights_bsp/\libhal_bsp.a(alt_irq_vars.o)
 .debug_aranges
                0x00000000000002a8       0x20 ../lights_bsp/\libhal_bsp.a(alt_open.o)
 .debug_aranges
                0x00000000000002c8       0x20 ../lights_bsp/\libhal_bsp.a(alt_release_fd.o)
 .debug_aranges
                0x00000000000002e8       0x20 ../lights_bsp/\libhal_bsp.a(alt_tick.o)
 .debug_aranges
                0x0000000000000308       0x20 ../lights_bsp/\libhal_bsp.a(altera_nios2_qsys_irq.o)
 .debug_aranges
                0x0000000000000328       0x38 ../lights_bsp/\libhal_bsp.a(alt_exception_entry.o)
 .debug_aranges
                0x0000000000000360       0x20 ../lights_bsp/\libhal_bsp.a(alt_find_dev.o)
 .debug_aranges
                0x0000000000000380       0x20 ../lights_bsp/\libhal_bsp.a(alt_find_file.o)
 .debug_aranges
                0x00000000000003a0       0x20 ../lights_bsp/\libhal_bsp.a(alt_get_fd.o)
 .debug_aranges
                0x00000000000003c0       0x20 ../lights_bsp/\libhal_bsp.a(alt_icache_flush.o)
 .debug_aranges
                0x00000000000003e0       0x20 c:/altera/14.0/nios2eds/bin/gnu/h-x86_64-mingw32/bin/../lib/gcc/nios2-elf/4.7.3/../../../../../H-x86_64-mingw32/nios2-elf/lib/mno-hw-mul\libsmallc.a(lib_a-exit.o)
 .debug_aranges
                0x0000000000000400       0x18 c:/altera/14.0/nios2eds/bin/gnu/h-x86_64-mingw32/bin/../lib/gcc/nios2-elf/4.7.3/../../../../../H-x86_64-mingw32/nios2-elf/lib/mno-hw-mul\libsmallc.a(lib_a-int_errno.o)
 .debug_aranges
                0x0000000000000418       0x20 c:/altera/14.0/nios2eds/bin/gnu/h-x86_64-mingw32/bin/../lib/gcc/nios2-elf/4.7.3/../../../../../H-x86_64-mingw32/nios2-elf/lib/mno-hw-mul\libsmallc.a(lib_a-memcmp.o)
 .debug_aranges
                0x0000000000000438       0x20 c:/altera/14.0/nios2eds/bin/gnu/h-x86_64-mingw32/bin/../lib/gcc/nios2-elf/4.7.3/../../../../../H-x86_64-mingw32/nios2-elf/lib/mno-hw-mul\libsmallc.a(lib_a-strlen.o)
 .debug_aranges
                0x0000000000000458       0x20 c:/altera/14.0/nios2eds/bin/gnu/h-x86_64-mingw32/bin/../lib/gcc/nios2-elf/4.7.3/../../../../../H-x86_64-mingw32/nios2-elf/lib/mno-hw-mul\libsmallc.a(lib_a-__call_atexit.o)
 .debug_aranges
                0x0000000000000478       0x18 c:/altera/14.0/nios2eds/bin/gnu/h-x86_64-mingw32/bin/../lib/gcc/nios2-elf/4.7.3/../../../../../H-x86_64-mingw32/nios2-elf/lib/mno-hw-mul\libsmallc.a(lib_a-impure.o)
 .debug_aranges
                0x0000000000000490       0x20 c:/altera/14.0/nios2eds/bin/gnu/h-x86_64-mingw32/bin/../lib/gcc/nios2-elf/4.7.3/mno-hw-mul\libgcc.a(lib2-mul.o)
 .debug_aranges
                0x00000000000004b0       0x20 ../lights_bsp/\libhal_bsp.a(alt_exit.o)

.debug_pubnames
 *(.debug_pubnames)

.debug_info     0x0000000000000000     0x500a
 *(.debug_info .gnu.linkonce.wi.*)
 .debug_info    0x0000000000000000       0x68 ../lights_bsp//obj/HAL/src/crt0.o
 .debug_info    0x0000000000000068       0x3b obj/default/count_binary.o
 .debug_info    0x00000000000000a3      0x159 ../lights_bsp/\libhal_bsp.a(alt_load.o)
 .debug_info    0x00000000000001fc      0x139 ../lights_bsp/\libhal_bsp.a(alt_main.o)
 .debug_info    0x0000000000000335      0x420 ../lights_bsp/\libhal_bsp.a(alt_sys_init.o)
 .debug_info    0x0000000000000755      0x3da ../lights_bsp/\libhal_bsp.a(altera_avalon_jtag_uart_fd.o)
 .debug_info    0x0000000000000b2f      0x1bc ../lights_bsp/\libhal_bsp.a(altera_avalon_jtag_uart_read.o)
 .debug_info    0x0000000000000ceb      0x19f ../lights_bsp/\libhal_bsp.a(altera_avalon_jtag_uart_write.o)
 .debug_info    0x0000000000000e8a      0x235 ../lights_bsp/\libhal_bsp.a(altera_avalon_timer_sc.o)
 .debug_info    0x00000000000010bf      0x350 ../lights_bsp/\libhal_bsp.a(alt_close.o)
 .debug_info    0x000000000000140f       0x90 ../lights_bsp/\libhal_bsp.a(alt_dcache_flush_all.o)
 .debug_info    0x000000000000149f      0x4e3 ../lights_bsp/\libhal_bsp.a(alt_dev.o)
 .debug_info    0x0000000000001982      0x1b9 ../lights_bsp/\libhal_bsp.a(alt_dev_llist_insert.o)
 .debug_info    0x0000000000001b3b       0xa3 ../lights_bsp/\libhal_bsp.a(alt_errno.o)
 .debug_info    0x0000000000001bde       0x90 ../lights_bsp/\libhal_bsp.a(alt_icache_flush_all.o)
 .debug_info    0x0000000000001c6e      0x364 ../lights_bsp/\libhal_bsp.a(alt_iic.o)
 .debug_info    0x0000000000001fd2      0x1f6 ../lights_bsp/\libhal_bsp.a(alt_iic_isr_register.o)
 .debug_info    0x00000000000021c8      0x4f0 ../lights_bsp/\libhal_bsp.a(alt_io_redirect.o)
 .debug_info    0x00000000000026b8       0x71 ../lights_bsp/\libhal_bsp.a(alt_irq_entry.o)
 .debug_info    0x0000000000002729      0x190 ../lights_bsp/\libhal_bsp.a(alt_irq_handler.o)
 .debug_info    0x00000000000028b9       0x8a ../lights_bsp/\libhal_bsp.a(alt_irq_vars.o)
 .debug_info    0x0000000000002943      0x3f0 ../lights_bsp/\libhal_bsp.a(alt_open.o)
 .debug_info    0x0000000000002d33      0x2dd ../lights_bsp/\libhal_bsp.a(alt_release_fd.o)
 .debug_info    0x0000000000003010      0x2b1 ../lights_bsp/\libhal_bsp.a(alt_tick.o)
 .debug_info    0x00000000000032c1       0x90 ../lights_bsp/\libhal_bsp.a(altera_nios2_qsys_irq.o)
 .debug_info    0x0000000000003351       0x77 ../lights_bsp/\libhal_bsp.a(alt_exception_entry.o)
 .debug_info    0x00000000000033c8      0x30d ../lights_bsp/\libhal_bsp.a(alt_find_dev.o)
 .debug_info    0x00000000000036d5      0x30c ../lights_bsp/\libhal_bsp.a(alt_find_file.o)
 .debug_info    0x00000000000039e1      0x339 ../lights_bsp/\libhal_bsp.a(alt_get_fd.o)
 .debug_info    0x0000000000003d1a       0xda ../lights_bsp/\libhal_bsp.a(alt_icache_flush.o)
 .debug_info    0x0000000000003df4       0xf8 c:/altera/14.0/nios2eds/bin/gnu/h-x86_64-mingw32/bin/../lib/gcc/nios2-elf/4.7.3/../../../../../H-x86_64-mingw32/nios2-elf/lib/mno-hw-mul\libsmallc.a(lib_a-exit.o)
 .debug_info    0x0000000000003eec       0x84 c:/altera/14.0/nios2eds/bin/gnu/h-x86_64-mingw32/bin/../lib/gcc/nios2-elf/4.7.3/../../../../../H-x86_64-mingw32/nios2-elf/lib/mno-hw-mul\libsmallc.a(lib_a-int_errno.o)
 .debug_info    0x0000000000003f70       0xf1 c:/altera/14.0/nios2eds/bin/gnu/h-x86_64-mingw32/bin/../lib/gcc/nios2-elf/4.7.3/../../../../../H-x86_64-mingw32/nios2-elf/lib/mno-hw-mul\libsmallc.a(lib_a-memcmp.o)
 .debug_info    0x0000000000004061       0xc6 c:/altera/14.0/nios2eds/bin/gnu/h-x86_64-mingw32/bin/../lib/gcc/nios2-elf/4.7.3/../../../../../H-x86_64-mingw32/nios2-elf/lib/mno-hw-mul\libsmallc.a(lib_a-strlen.o)
 .debug_info    0x0000000000004127      0x70e c:/altera/14.0/nios2eds/bin/gnu/h-x86_64-mingw32/bin/../lib/gcc/nios2-elf/4.7.3/../../../../../H-x86_64-mingw32/nios2-elf/lib/mno-hw-mul\libsmallc.a(lib_a-__call_atexit.o)
 .debug_info    0x0000000000004835      0x631 c:/altera/14.0/nios2eds/bin/gnu/h-x86_64-mingw32/bin/../lib/gcc/nios2-elf/4.7.3/../../../../../H-x86_64-mingw32/nios2-elf/lib/mno-hw-mul\libsmallc.a(lib_a-impure.o)
 .debug_info    0x0000000000004e66       0xb8 c:/altera/14.0/nios2eds/bin/gnu/h-x86_64-mingw32/bin/../lib/gcc/nios2-elf/4.7.3/mno-hw-mul\libgcc.a(lib2-mul.o)
 .debug_info    0x0000000000004f1e       0xec ../lights_bsp/\libhal_bsp.a(alt_exit.o)

.debug_abbrev   0x0000000000000000     0x1d8b
 *(.debug_abbrev)
 .debug_abbrev  0x0000000000000000       0x12 ../lights_bsp//obj/HAL/src/crt0.o
 .debug_abbrev  0x0000000000000012       0x2a obj/default/count_binary.o
 .debug_abbrev  0x000000000000003c       0x9f ../lights_bsp/\libhal_bsp.a(alt_load.o)
 .debug_abbrev  0x00000000000000db       0xba ../lights_bsp/\libhal_bsp.a(alt_main.o)
 .debug_abbrev  0x0000000000000195      0x155 ../lights_bsp/\libhal_bsp.a(alt_sys_init.o)
 .debug_abbrev  0x00000000000002ea       0xf7 ../lights_bsp/\libhal_bsp.a(altera_avalon_jtag_uart_fd.o)
 .debug_abbrev  0x00000000000003e1       0xd5 ../lights_bsp/\libhal_bsp.a(altera_avalon_jtag_uart_read.o)
 .debug_abbrev  0x00000000000004b6       0xd5 ../lights_bsp/\libhal_bsp.a(altera_avalon_jtag_uart_write.o)
 .debug_abbrev  0x000000000000058b      0x155 ../lights_bsp/\libhal_bsp.a(altera_avalon_timer_sc.o)
 .debug_abbrev  0x00000000000006e0      0x11f ../lights_bsp/\libhal_bsp.a(alt_close.o)
 .debug_abbrev  0x00000000000007ff       0x42 ../lights_bsp/\libhal_bsp.a(alt_dcache_flush_all.o)
 .debug_abbrev  0x0000000000000841       0xd9 ../lights_bsp/\libhal_bsp.a(alt_dev.o)
 .debug_abbrev  0x000000000000091a      0x114 ../lights_bsp/\libhal_bsp.a(alt_dev_llist_insert.o)
 .debug_abbrev  0x0000000000000a2e       0x5a ../lights_bsp/\libhal_bsp.a(alt_errno.o)
 .debug_abbrev  0x0000000000000a88       0x42 ../lights_bsp/\libhal_bsp.a(alt_icache_flush_all.o)
 .debug_abbrev  0x0000000000000aca      0x16a ../lights_bsp/\libhal_bsp.a(alt_iic.o)
 .debug_abbrev  0x0000000000000c34      0x169 ../lights_bsp/\libhal_bsp.a(alt_iic_isr_register.o)
 .debug_abbrev  0x0000000000000d9d      0x114 ../lights_bsp/\libhal_bsp.a(alt_io_redirect.o)
 .debug_abbrev  0x0000000000000eb1       0x12 ../lights_bsp/\libhal_bsp.a(alt_irq_entry.o)
 .debug_abbrev  0x0000000000000ec3      0x124 ../lights_bsp/\libhal_bsp.a(alt_irq_handler.o)
 .debug_abbrev  0x0000000000000fe7       0x40 ../lights_bsp/\libhal_bsp.a(alt_irq_vars.o)
 .debug_abbrev  0x0000000000001027      0x148 ../lights_bsp/\libhal_bsp.a(alt_open.o)
 .debug_abbrev  0x000000000000116f       0xde ../lights_bsp/\libhal_bsp.a(alt_release_fd.o)
 .debug_abbrev  0x000000000000124d      0x15a ../lights_bsp/\libhal_bsp.a(alt_tick.o)
 .debug_abbrev  0x00000000000013a7       0x42 ../lights_bsp/\libhal_bsp.a(altera_nios2_qsys_irq.o)
 .debug_abbrev  0x00000000000013e9       0x12 ../lights_bsp/\libhal_bsp.a(alt_exception_entry.o)
 .debug_abbrev  0x00000000000013fb       0xf0 ../lights_bsp/\libhal_bsp.a(alt_find_dev.o)
 .debug_abbrev  0x00000000000014eb       0xf0 ../lights_bsp/\libhal_bsp.a(alt_find_file.o)
 .debug_abbrev  0x00000000000015db      0x10d ../lights_bsp/\libhal_bsp.a(alt_get_fd.o)
 .debug_abbrev  0x00000000000016e8       0x8c ../lights_bsp/\libhal_bsp.a(alt_icache_flush.o)
 .debug_abbrev  0x0000000000001774       0xa9 c:/altera/14.0/nios2eds/bin/gnu/h-x86_64-mingw32/bin/../lib/gcc/nios2-elf/4.7.3/../../../../../H-x86_64-mingw32/nios2-elf/lib/mno-hw-mul\libsmallc.a(lib_a-exit.o)
 .debug_abbrev  0x000000000000181d       0x37 c:/altera/14.0/nios2eds/bin/gnu/h-x86_64-mingw32/bin/../lib/gcc/nios2-elf/4.7.3/../../../../../H-x86_64-mingw32/nios2-elf/lib/mno-hw-mul\libsmallc.a(lib_a-int_errno.o)
 .debug_abbrev  0x0000000000001854       0x7f c:/altera/14.0/nios2eds/bin/gnu/h-x86_64-mingw32/bin/../lib/gcc/nios2-elf/4.7.3/../../../../../H-x86_64-mingw32/nios2-elf/lib/mno-hw-mul\libsmallc.a(lib_a-memcmp.o)
 .debug_abbrev  0x00000000000018d3       0x7f c:/altera/14.0/nios2eds/bin/gnu/h-x86_64-mingw32/bin/../lib/gcc/nios2-elf/4.7.3/../../../../../H-x86_64-mingw32/nios2-elf/lib/mno-hw-mul\libsmallc.a(lib_a-strlen.o)
 .debug_abbrev  0x0000000000001952      0x1e9 c:/altera/14.0/nios2eds/bin/gnu/h-x86_64-mingw32/bin/../lib/gcc/nios2-elf/4.7.3/../../../../../H-x86_64-mingw32/nios2-elf/lib/mno-hw-mul\libsmallc.a(lib_a-__call_atexit.o)
 .debug_abbrev  0x0000000000001b3b      0x13b c:/altera/14.0/nios2eds/bin/gnu/h-x86_64-mingw32/bin/../lib/gcc/nios2-elf/4.7.3/../../../../../H-x86_64-mingw32/nios2-elf/lib/mno-hw-mul\libsmallc.a(lib_a-impure.o)
 .debug_abbrev  0x0000000000001c76       0x6f c:/altera/14.0/nios2eds/bin/gnu/h-x86_64-mingw32/bin/../lib/gcc/nios2-elf/4.7.3/mno-hw-mul\libgcc.a(lib2-mul.o)
 .debug_abbrev  0x0000000000001ce5       0xa6 ../lights_bsp/\libhal_bsp.a(alt_exit.o)

.debug_line     0x0000000000000000     0x2049
 *(.debug_line)
 .debug_line    0x0000000000000000       0x6c ../lights_bsp//obj/HAL/src/crt0.o
 .debug_line    0x000000000000006c       0x41 obj/default/count_binary.o
 .debug_line    0x00000000000000ad       0x92 ../lights_bsp/\libhal_bsp.a(alt_load.o)
 .debug_line    0x000000000000013f       0x9e ../lights_bsp/\libhal_bsp.a(alt_main.o)
 .debug_line    0x00000000000001dd      0x142 ../lights_bsp/\libhal_bsp.a(alt_sys_init.o)
 .debug_line    0x000000000000031f      0x114 ../lights_bsp/\libhal_bsp.a(altera_avalon_jtag_uart_fd.o)
 .debug_line    0x0000000000000433      0x101 ../lights_bsp/\libhal_bsp.a(altera_avalon_jtag_uart_read.o)
 .debug_line    0x0000000000000534       0xf8 ../lights_bsp/\libhal_bsp.a(altera_avalon_jtag_uart_write.o)
 .debug_line    0x000000000000062c       0xfd ../lights_bsp/\libhal_bsp.a(altera_avalon_timer_sc.o)
 .debug_line    0x0000000000000729      0x188 ../lights_bsp/\libhal_bsp.a(alt_close.o)
 .debug_line    0x00000000000008b1       0x51 ../lights_bsp/\libhal_bsp.a(alt_dcache_flush_all.o)
 .debug_line    0x0000000000000902      0x11b ../lights_bsp/\libhal_bsp.a(alt_dev.o)
 .debug_line    0x0000000000000a1d       0xd0 ../lights_bsp/\libhal_bsp.a(alt_dev_llist_insert.o)
 .debug_line    0x0000000000000aed       0x51 ../lights_bsp/\libhal_bsp.a(alt_errno.o)
 .debug_line    0x0000000000000b3e       0x50 ../lights_bsp/\libhal_bsp.a(alt_icache_flush_all.o)
 .debug_line    0x0000000000000b8e       0xed ../lights_bsp/\libhal_bsp.a(alt_iic.o)
 .debug_line    0x0000000000000c7b       0xdb ../lights_bsp/\libhal_bsp.a(alt_iic_isr_register.o)
 .debug_line    0x0000000000000d56      0x158 ../lights_bsp/\libhal_bsp.a(alt_io_redirect.o)
 .debug_line    0x0000000000000eae       0x6b ../lights_bsp/\libhal_bsp.a(alt_irq_entry.o)
 .debug_line    0x0000000000000f19       0xae ../lights_bsp/\libhal_bsp.a(alt_irq_handler.o)
 .debug_line    0x0000000000000fc7       0x50 ../lights_bsp/\libhal_bsp.a(alt_irq_vars.o)
 .debug_line    0x0000000000001017      0x128 ../lights_bsp/\libhal_bsp.a(alt_open.o)
 .debug_line    0x000000000000113f       0xb0 ../lights_bsp/\libhal_bsp.a(alt_release_fd.o)
 .debug_line    0x00000000000011ef      0x102 ../lights_bsp/\libhal_bsp.a(alt_tick.o)
 .debug_line    0x00000000000012f1       0x51 ../lights_bsp/\libhal_bsp.a(altera_nios2_qsys_irq.o)
 .debug_line    0x0000000000001342       0xab ../lights_bsp/\libhal_bsp.a(alt_exception_entry.o)
 .debug_line    0x00000000000013ed       0xb9 ../lights_bsp/\libhal_bsp.a(alt_find_dev.o)
 .debug_line    0x00000000000014a6       0xd5 ../lights_bsp/\libhal_bsp.a(alt_find_file.o)
 .debug_line    0x000000000000157b       0xd4 ../lights_bsp/\libhal_bsp.a(alt_get_fd.o)
 .debug_line    0x000000000000164f       0x81 ../lights_bsp/\libhal_bsp.a(alt_icache_flush.o)
 .debug_line    0x00000000000016d0      0x16c c:/altera/14.0/nios2eds/bin/gnu/h-x86_64-mingw32/bin/../lib/gcc/nios2-elf/4.7.3/../../../../../H-x86_64-mingw32/nios2-elf/lib/mno-hw-mul\libsmallc.a(lib_a-exit.o)
 .debug_line    0x000000000000183c       0x60 c:/altera/14.0/nios2eds/bin/gnu/h-x86_64-mingw32/bin/../lib/gcc/nios2-elf/4.7.3/../../../../../H-x86_64-mingw32/nios2-elf/lib/mno-hw-mul\libsmallc.a(lib_a-int_errno.o)
 .debug_line    0x000000000000189c      0x17d c:/altera/14.0/nios2eds/bin/gnu/h-x86_64-mingw32/bin/../lib/gcc/nios2-elf/4.7.3/../../../../../H-x86_64-mingw32/nios2-elf/lib/mno-hw-mul\libsmallc.a(lib_a-memcmp.o)
 .debug_line    0x0000000000001a19      0x172 c:/altera/14.0/nios2eds/bin/gnu/h-x86_64-mingw32/bin/../lib/gcc/nios2-elf/4.7.3/../../../../../H-x86_64-mingw32/nios2-elf/lib/mno-hw-mul\libsmallc.a(lib_a-strlen.o)
 .debug_line    0x0000000000001b8b      0x263 c:/altera/14.0/nios2eds/bin/gnu/h-x86_64-mingw32/bin/../lib/gcc/nios2-elf/4.7.3/../../../../../H-x86_64-mingw32/nios2-elf/lib/mno-hw-mul\libsmallc.a(lib_a-__call_atexit.o)
 .debug_line    0x0000000000001dee      0x16a c:/altera/14.0/nios2eds/bin/gnu/h-x86_64-mingw32/bin/../lib/gcc/nios2-elf/4.7.3/../../../../../H-x86_64-mingw32/nios2-elf/lib/mno-hw-mul\libsmallc.a(lib_a-impure.o)
 .debug_line    0x0000000000001f58       0x80 c:/altera/14.0/nios2eds/bin/gnu/h-x86_64-mingw32/bin/../lib/gcc/nios2-elf/4.7.3/mno-hw-mul\libgcc.a(lib2-mul.o)
 .debug_line    0x0000000000001fd8       0x71 ../lights_bsp/\libhal_bsp.a(alt_exit.o)

.debug_frame    0x0000000000000000      0x6d0
 *(.debug_frame)
 .debug_frame   0x0000000000000000       0x2c obj/default/count_binary.o
 .debug_frame   0x000000000000002c       0x48 ../lights_bsp/\libhal_bsp.a(alt_load.o)
 .debug_frame   0x0000000000000074       0x2c ../lights_bsp/\libhal_bsp.a(alt_main.o)
 .debug_frame   0x00000000000000a0       0x64 ../lights_bsp/\libhal_bsp.a(alt_sys_init.o)
 .debug_frame   0x0000000000000104       0x48 ../lights_bsp/\libhal_bsp.a(altera_avalon_jtag_uart_fd.o)
 .debug_frame   0x000000000000014c       0x2c ../lights_bsp/\libhal_bsp.a(altera_avalon_jtag_uart_read.o)
 .debug_frame   0x0000000000000178       0x2c ../lights_bsp/\libhal_bsp.a(altera_avalon_jtag_uart_write.o)
 .debug_frame   0x00000000000001a4       0x48 ../lights_bsp/\libhal_bsp.a(altera_avalon_timer_sc.o)
 .debug_frame   0x00000000000001ec       0x48 ../lights_bsp/\libhal_bsp.a(alt_close.o)
 .debug_frame   0x0000000000000234       0x2c ../lights_bsp/\libhal_bsp.a(alt_dcache_flush_all.o)
 .debug_frame   0x0000000000000260       0x2c ../lights_bsp/\libhal_bsp.a(alt_dev.o)
 .debug_frame   0x000000000000028c       0x48 ../lights_bsp/\libhal_bsp.a(alt_dev_llist_insert.o)
 .debug_frame   0x00000000000002d4       0x2c ../lights_bsp/\libhal_bsp.a(alt_icache_flush_all.o)
 .debug_frame   0x0000000000000300       0x80 ../lights_bsp/\libhal_bsp.a(alt_iic.o)
 .debug_frame   0x0000000000000380       0x2c ../lights_bsp/\libhal_bsp.a(alt_iic_isr_register.o)
 .debug_frame   0x00000000000003ac       0x4c ../lights_bsp/\libhal_bsp.a(alt_io_redirect.o)
 .debug_frame   0x00000000000003f8       0x2c ../lights_bsp/\libhal_bsp.a(alt_irq_handler.o)
 .debug_frame   0x0000000000000424       0x68 ../lights_bsp/\libhal_bsp.a(alt_open.o)
 .debug_frame   0x000000000000048c       0x30 ../lights_bsp/\libhal_bsp.a(alt_release_fd.o)
 .debug_frame   0x00000000000004bc       0x48 ../lights_bsp/\libhal_bsp.a(alt_tick.o)
 .debug_frame   0x0000000000000504       0x2c ../lights_bsp/\libhal_bsp.a(altera_nios2_qsys_irq.o)
 .debug_frame   0x0000000000000530       0x2c ../lights_bsp/\libhal_bsp.a(alt_find_dev.o)
 .debug_frame   0x000000000000055c       0x2c ../lights_bsp/\libhal_bsp.a(alt_find_file.o)
 .debug_frame   0x0000000000000588       0x30 ../lights_bsp/\libhal_bsp.a(alt_get_fd.o)
 .debug_frame   0x00000000000005b8       0x2c ../lights_bsp/\libhal_bsp.a(alt_icache_flush.o)
 .debug_frame   0x00000000000005e4       0x28 c:/altera/14.0/nios2eds/bin/gnu/h-x86_64-mingw32/bin/../lib/gcc/nios2-elf/4.7.3/../../../../../H-x86_64-mingw32/nios2-elf/lib/mno-hw-mul\libsmallc.a(lib_a-exit.o)
 .debug_frame   0x000000000000060c       0x20 c:/altera/14.0/nios2eds/bin/gnu/h-x86_64-mingw32/bin/../lib/gcc/nios2-elf/4.7.3/../../../../../H-x86_64-mingw32/nios2-elf/lib/mno-hw-mul\libsmallc.a(lib_a-memcmp.o)
 .debug_frame   0x000000000000062c       0x20 c:/altera/14.0/nios2eds/bin/gnu/h-x86_64-mingw32/bin/../lib/gcc/nios2-elf/4.7.3/../../../../../H-x86_64-mingw32/nios2-elf/lib/mno-hw-mul\libsmallc.a(lib_a-strlen.o)
 .debug_frame   0x000000000000064c       0x38 c:/altera/14.0/nios2eds/bin/gnu/h-x86_64-mingw32/bin/../lib/gcc/nios2-elf/4.7.3/../../../../../H-x86_64-mingw32/nios2-elf/lib/mno-hw-mul\libsmallc.a(lib_a-__call_atexit.o)
 .debug_frame   0x0000000000000684       0x20 c:/altera/14.0/nios2eds/bin/gnu/h-x86_64-mingw32/bin/../lib/gcc/nios2-elf/4.7.3/mno-hw-mul\libgcc.a(lib2-mul.o)
 .debug_frame   0x00000000000006a4       0x2c ../lights_bsp/\libhal_bsp.a(alt_exit.o)

.debug_str      0x0000000000000000     0x126e
 *(.debug_str)
 .debug_str     0x0000000000000000       0x4b obj/default/count_binary.o
                                         0x50 (size before relaxing)
 .debug_str     0x000000000000004b      0x17e ../lights_bsp/\libhal_bsp.a(alt_load.o)
                                        0x1c3 (size before relaxing)
 .debug_str     0x00000000000001c9       0x70 ../lights_bsp/\libhal_bsp.a(alt_main.o)
                                        0x14e (size before relaxing)
 .debug_str     0x0000000000000239      0x18f ../lights_bsp/\libhal_bsp.a(alt_sys_init.o)
                                        0x2bb (size before relaxing)
 .debug_str     0x00000000000003c8       0x77 ../lights_bsp/\libhal_bsp.a(altera_avalon_jtag_uart_fd.o)
                                        0x286 (size before relaxing)
 .debug_str     0x000000000000043f       0x48 ../lights_bsp/\libhal_bsp.a(altera_avalon_jtag_uart_read.o)
                                        0x1d0 (size before relaxing)
 .debug_str     0x0000000000000487       0x4a ../lights_bsp/\libhal_bsp.a(altera_avalon_jtag_uart_write.o)
                                        0x1c6 (size before relaxing)
 .debug_str     0x00000000000004d1       0xb6 ../lights_bsp/\libhal_bsp.a(altera_avalon_timer_sc.o)
                                        0x1fc (size before relaxing)
 .debug_str     0x0000000000000587       0x44 ../lights_bsp/\libhal_bsp.a(alt_close.o)
                                        0x1bc (size before relaxing)
 .debug_str     0x00000000000005cb       0x34 ../lights_bsp/\libhal_bsp.a(alt_dcache_flush_all.o)
                                        0x106 (size before relaxing)
 .debug_str     0x00000000000005ff      0x120 ../lights_bsp/\libhal_bsp.a(alt_dev.o)
                                        0x2b6 (size before relaxing)
 .debug_str     0x000000000000071f       0x4b ../lights_bsp/\libhal_bsp.a(alt_dev_llist_insert.o)
                                        0x17d (size before relaxing)
 .debug_str     0x000000000000076a       0x14 ../lights_bsp/\libhal_bsp.a(alt_errno.o)
                                         0xf6 (size before relaxing)
 .debug_str     0x000000000000077e       0x34 ../lights_bsp/\libhal_bsp.a(alt_icache_flush_all.o)
                                        0x106 (size before relaxing)
 .debug_str     0x00000000000007b2       0xc4 ../lights_bsp/\libhal_bsp.a(alt_iic.o)
                                        0x1ef (size before relaxing)
 .debug_str     0x0000000000000876       0x4c ../lights_bsp/\libhal_bsp.a(alt_iic_isr_register.o)
                                        0x199 (size before relaxing)
 .debug_str     0x00000000000008c2       0x56 ../lights_bsp/\libhal_bsp.a(alt_io_redirect.o)
                                        0x2c7 (size before relaxing)
 .debug_str     0x0000000000000918       0x3a ../lights_bsp/\libhal_bsp.a(alt_irq_handler.o)
                                        0x148 (size before relaxing)
 .debug_str     0x0000000000000952       0x17 ../lights_bsp/\libhal_bsp.a(alt_irq_vars.o)
                                         0xf7 (size before relaxing)
 .debug_str     0x0000000000000969       0x2f ../lights_bsp/\libhal_bsp.a(alt_open.o)
                                        0x1fc (size before relaxing)
 .debug_str     0x0000000000000998       0x28 ../lights_bsp/\libhal_bsp.a(alt_release_fd.o)
                                        0x190 (size before relaxing)
 .debug_str     0x00000000000009c0       0x78 ../lights_bsp/\libhal_bsp.a(alt_tick.o)
                                        0x203 (size before relaxing)
 .debug_str     0x0000000000000a38       0x3b ../lights_bsp/\libhal_bsp.a(altera_nios2_qsys_irq.o)
                                        0x10d (size before relaxing)
 .debug_str     0x0000000000000a73       0x24 ../lights_bsp/\libhal_bsp.a(alt_find_dev.o)
                                        0x19d (size before relaxing)
 .debug_str     0x0000000000000a97       0x26 ../lights_bsp/\libhal_bsp.a(alt_find_file.o)
                                        0x1ab (size before relaxing)
 .debug_str     0x0000000000000abd       0x30 ../lights_bsp/\libhal_bsp.a(alt_get_fd.o)
                                        0x1cd (size before relaxing)
 .debug_str     0x0000000000000aed       0x2c ../lights_bsp/\libhal_bsp.a(alt_icache_flush.o)
                                        0x10c (size before relaxing)
 .debug_str     0x0000000000000b19       0xeb c:/altera/14.0/nios2eds/bin/gnu/h-x86_64-mingw32/bin/../lib/gcc/nios2-elf/4.7.3/../../../../../H-x86_64-mingw32/nios2-elf/lib/mno-hw-mul\libsmallc.a(lib_a-exit.o)
                                        0x199 (size before relaxing)
 .debug_str     0x0000000000000c04       0xdd c:/altera/14.0/nios2eds/bin/gnu/h-x86_64-mingw32/bin/../lib/gcc/nios2-elf/4.7.3/../../../../../H-x86_64-mingw32/nios2-elf/lib/mno-hw-mul\libsmallc.a(lib_a-int_errno.o)
                                        0x181 (size before relaxing)
 .debug_str     0x0000000000000ce1       0xea c:/altera/14.0/nios2eds/bin/gnu/h-x86_64-mingw32/bin/../lib/gcc/nios2-elf/4.7.3/../../../../../H-x86_64-mingw32/nios2-elf/lib/mno-hw-mul\libsmallc.a(lib_a-memcmp.o)
                                        0x188 (size before relaxing)
 .debug_str     0x0000000000000dcb       0x45 c:/altera/14.0/nios2eds/bin/gnu/h-x86_64-mingw32/bin/../lib/gcc/nios2-elf/4.7.3/../../../../../H-x86_64-mingw32/nios2-elf/lib/mno-hw-mul\libsmallc.a(lib_a-strlen.o)
                                        0x18e (size before relaxing)
 .debug_str     0x0000000000000e10      0x31a c:/altera/14.0/nios2eds/bin/gnu/h-x86_64-mingw32/bin/../lib/gcc/nios2-elf/4.7.3/../../../../../H-x86_64-mingw32/nios2-elf/lib/mno-hw-mul\libsmallc.a(lib_a-__call_atexit.o)
                                        0x492 (size before relaxing)
 .debug_str     0x000000000000112a       0x49 c:/altera/14.0/nios2eds/bin/gnu/h-x86_64-mingw32/bin/../lib/gcc/nios2-elf/4.7.3/../../../../../H-x86_64-mingw32/nios2-elf/lib/mno-hw-mul\libsmallc.a(lib_a-impure.o)
                                        0x467 (size before relaxing)
 .debug_str     0x0000000000001173       0xd1 c:/altera/14.0/nios2eds/bin/gnu/h-x86_64-mingw32/bin/../lib/gcc/nios2-elf/4.7.3/mno-hw-mul\libgcc.a(lib2-mul.o)
                                        0x128 (size before relaxing)
 .debug_str     0x0000000000001244       0x2a ../lights_bsp/\libhal_bsp.a(alt_exit.o)
                                        0x102 (size before relaxing)

.debug_loc      0x0000000000000000      0x9e1
 *(.debug_loc)
 .debug_loc     0x0000000000000000       0x2c obj/default/count_binary.o
 .debug_loc     0x000000000000002c       0x58 ../lights_bsp/\libhal_bsp.a(alt_load.o)
 .debug_loc     0x0000000000000084       0x2c ../lights_bsp/\libhal_bsp.a(alt_main.o)
 .debug_loc     0x00000000000000b0       0x84 ../lights_bsp/\libhal_bsp.a(alt_sys_init.o)
 .debug_loc     0x0000000000000134       0x58 ../lights_bsp/\libhal_bsp.a(altera_avalon_jtag_uart_fd.o)
 .debug_loc     0x000000000000018c       0x2c ../lights_bsp/\libhal_bsp.a(altera_avalon_jtag_uart_read.o)
 .debug_loc     0x00000000000001b8       0x2c ../lights_bsp/\libhal_bsp.a(altera_avalon_jtag_uart_write.o)
 .debug_loc     0x00000000000001e4       0x58 ../lights_bsp/\libhal_bsp.a(altera_avalon_timer_sc.o)
 .debug_loc     0x000000000000023c       0x58 ../lights_bsp/\libhal_bsp.a(alt_close.o)
 .debug_loc     0x0000000000000294       0x2c ../lights_bsp/\libhal_bsp.a(alt_dcache_flush_all.o)
 .debug_loc     0x00000000000002c0       0x2c ../lights_bsp/\libhal_bsp.a(alt_dev.o)
 .debug_loc     0x00000000000002ec       0x58 ../lights_bsp/\libhal_bsp.a(alt_dev_llist_insert.o)
 .debug_loc     0x0000000000000344       0x2c ../lights_bsp/\libhal_bsp.a(alt_icache_flush_all.o)
 .debug_loc     0x0000000000000370       0xb0 ../lights_bsp/\libhal_bsp.a(alt_iic.o)
 .debug_loc     0x0000000000000420       0x2c ../lights_bsp/\libhal_bsp.a(alt_iic_isr_register.o)
 .debug_loc     0x000000000000044c       0x58 ../lights_bsp/\libhal_bsp.a(alt_io_redirect.o)
 .debug_loc     0x00000000000004a4       0x2c ../lights_bsp/\libhal_bsp.a(alt_irq_handler.o)
 .debug_loc     0x00000000000004d0       0x84 ../lights_bsp/\libhal_bsp.a(alt_open.o)
 .debug_loc     0x0000000000000554       0x2c ../lights_bsp/\libhal_bsp.a(alt_release_fd.o)
 .debug_loc     0x0000000000000580       0x58 ../lights_bsp/\libhal_bsp.a(alt_tick.o)
 .debug_loc     0x00000000000005d8       0x2c ../lights_bsp/\libhal_bsp.a(altera_nios2_qsys_irq.o)
 .debug_loc     0x0000000000000604       0x2c ../lights_bsp/\libhal_bsp.a(alt_find_dev.o)
 .debug_loc     0x0000000000000630       0x2c ../lights_bsp/\libhal_bsp.a(alt_find_file.o)
 .debug_loc     0x000000000000065c       0x2c ../lights_bsp/\libhal_bsp.a(alt_get_fd.o)
 .debug_loc     0x0000000000000688       0x2c ../lights_bsp/\libhal_bsp.a(alt_icache_flush.o)
 .debug_loc     0x00000000000006b4       0x3e c:/altera/14.0/nios2eds/bin/gnu/h-x86_64-mingw32/bin/../lib/gcc/nios2-elf/4.7.3/../../../../../H-x86_64-mingw32/nios2-elf/lib/mno-hw-mul\libsmallc.a(lib_a-exit.o)
 .debug_loc     0x00000000000006f2       0x6f c:/altera/14.0/nios2eds/bin/gnu/h-x86_64-mingw32/bin/../lib/gcc/nios2-elf/4.7.3/../../../../../H-x86_64-mingw32/nios2-elf/lib/mno-hw-mul\libsmallc.a(lib_a-memcmp.o)
 .debug_loc     0x0000000000000761       0x29 c:/altera/14.0/nios2eds/bin/gnu/h-x86_64-mingw32/bin/../lib/gcc/nios2-elf/4.7.3/../../../../../H-x86_64-mingw32/nios2-elf/lib/mno-hw-mul\libsmallc.a(lib_a-strlen.o)
 .debug_loc     0x000000000000078a      0x198 c:/altera/14.0/nios2eds/bin/gnu/h-x86_64-mingw32/bin/../lib/gcc/nios2-elf/4.7.3/../../../../../H-x86_64-mingw32/nios2-elf/lib/mno-hw-mul\libsmallc.a(lib_a-__call_atexit.o)
 .debug_loc     0x0000000000000922       0x93 c:/altera/14.0/nios2eds/bin/gnu/h-x86_64-mingw32/bin/../lib/gcc/nios2-elf/4.7.3/mno-hw-mul\libgcc.a(lib2-mul.o)
 .debug_loc     0x00000000000009b5       0x2c ../lights_bsp/\libhal_bsp.a(alt_exit.o)

.debug_macinfo
 *(.debug_macinfo)

.debug_weaknames
 *(.debug_weaknames)

.debug_funcnames
 *(.debug_funcnames)

.debug_typenames
 *(.debug_typenames)

.debug_varnames
 *(.debug_varnames)

.debug_alt_sim_info
                0x0000000000000000       0x20
 *(.debug_alt_sim_info)
 .debug_alt_sim_info
                0x0000000000000000       0x20 ../lights_bsp//obj/HAL/src/crt0.o
                0x000000000000d000                __alt_data_end = 0xd000
                0x000000000000d000                PROVIDE (__alt_stack_pointer, __alt_data_end)
                0x0000000000009fb8                PROVIDE (__alt_stack_limit, __alt_stack_base)
                0x0000000000009fb8                PROVIDE (__alt_heap_start, end)
                0x000000000000d000                PROVIDE (__alt_heap_limit, 0xd000)
OUTPUT(lights.elf elf32-littlenios2)

.debug_ranges   0x0000000000000000       0xe8
 .debug_ranges  0x0000000000000000       0x20 ../lights_bsp//obj/HAL/src/crt0.o
 .debug_ranges  0x0000000000000020       0x18 ../lights_bsp/\libhal_bsp.a(altera_avalon_jtag_uart_read.o)
 .debug_ranges  0x0000000000000038       0x30 ../lights_bsp/\libhal_bsp.a(alt_iic.o)
 .debug_ranges  0x0000000000000068       0x28 ../lights_bsp/\libhal_bsp.a(alt_irq_entry.o)
 .debug_ranges  0x0000000000000090       0x10 ../lights_bsp/\libhal_bsp.a(alt_irq_handler.o)
 .debug_ranges  0x00000000000000a0       0x30 ../lights_bsp/\libhal_bsp.a(alt_exception_entry.o)
 .debug_ranges  0x00000000000000d0       0x18 c:/altera/14.0/nios2eds/bin/gnu/h-x86_64-mingw32/bin/../lib/gcc/nios2-elf/4.7.3/../../../../../H-x86_64-mingw32/nios2-elf/lib/mno-hw-mul\libsmallc.a(lib_a-__call_atexit.o)
